exports[`test renders correctly 1`] = `
<View>
  <View
    style={
      Object {
        "height": 500,
      }
    }>
    <Text
      accessible={true}
      allowFontScaling={true}
      ellipsizeMode="tail"
      style={
        Object {
          "color": "#000",
          "fontFamily": "System",
          "fontSize": 16,
        }
      }
      virtual={undefined} />
    <View>
      <RCTScrollView>
        <View />
      </RCTScrollView>
    </View>
  </View>
  <View
    style={
      Object {
        "borderTopColor": "lightgrey",
        "borderTopWidth": 1,
        "flex": 1,
        "flexDirection": "row",
      }
    }>
    <View
      style={
        Object {
          "flex": 4,
          "height": 50,
        }
      }>
      <TextInput
        onChangeText={[Function]}
        style={
          Object {
            "borderColor": "grey",
            "borderWidth": 1,
            "flex": 1,
            "margin": 10,
            "paddingLeft": 10,
          }
        }
        value="" />
    </View>
    <View
      style={
        Object {
          "flex": 1,
          "marginTop": 10,
        }
      }>
      <View
        accessibilityComponentType={undefined}
        accessibilityLabel={undefined}
        accessibilityTraits={undefined}
        accessible={true}
        hitSlop={undefined}
        isTVSelectable={true}
        onLayout={undefined}
        onResponderGrant={[Function]}
        onResponderMove={[Function]}
        onResponderRelease={[Function]}
        onResponderTerminate={[Function]}
        onResponderTerminationRequest={[Function]}
        onStartShouldSetResponder={[Function]}
        style={
          Object {
            "alignItems": "center",
            "alignSelf": "flex-start",
            "backgroundColor": "#007aff",
            "borderBottomWidth": null,
            "borderColor": "#007aff",
            "borderLeftWidth": null,
            "borderRadius": 5,
            "borderRightWidth": null,
            "borderTopWidth": null,
            "elevation": 2,
            "flexDirection": "row",
            "height": 30,
            "justifyContent": "space-between",
            "opacity": 1,
            "paddingBottom": 6,
            "paddingLeft": 16,
            "paddingRight": 16,
            "paddingTop": 6,
          }
        }
        testID={undefined}
        tvParallaxProperties={undefined}>
        <View
          style={
            Object {
              "alignSelf": "center",
              "zIndex": 999,
            }
          } />
        <Text
          accessible={true}
          allowFontScaling={true}
          ellipsizeMode="tail"
          style={
            Object {
              "color": "white",
              "fontFamily": "System",
              "fontSize": 14,
              "lineHeight": 19,
              "marginLeft": 0,
              "marginRight": 0,
            }
          }
          virtual={undefined}>
          Send
        </Text>
      </View>
    </View>
  </View>
</View>
`;
