exports[`test renders correctly 1`] = `
<View
  style={
    Object {
      "flex": 1,
      "height": 1334,
    }
  }
  virtual={undefined}>
  <View>
    <View
      style={
        Object {
          "backgroundColor": "#F8F8F8",
          "borderBottomColor": "#a7a6ab",
          "borderBottomWidth": 0.5,
          "elevation": 3,
          "flexDirection": "row",
          "height": 64,
          "justifyContent": "center",
          "left": 0,
          "paddingLeft": 10,
          "paddingRight": 10,
          "paddingTop": 15,
          "right": 0,
          "top": 0,
        }
      }
      virtual={undefined} />
  </View>
  <RCTScrollView>
    <View>
      <View
        style={Object {}}
        virtual={undefined}>
        <View
          accessibilityComponentType={undefined}
          accessibilityLabel={undefined}
          accessibilityTraits={undefined}
          accessible={true}
          hitSlop={undefined}
          isTVSelectable={true}
          onLayout={undefined}
          onResponderGrant={[Function]}
          onResponderMove={[Function]}
          onResponderRelease={[Function]}
          onResponderTerminate={[Function]}
          onResponderTerminationRequest={[Function]}
          onStartShouldSetResponder={[Function]}
          style={
            Object {
              "alignItems": "center",
              "backgroundColor": "transparent",
              "borderBottomWidth": 1,
              "borderColor": "#D9D5DC",
              "borderLeftWidth": 1,
              "borderRightWidth": 1,
              "borderTopWidth": 1,
              "flexDirection": "row",
              "marginLeft": 0,
              "opacity": 1,
            }
          }
          testID={undefined}
          tvParallaxProperties={undefined}>
          <TextInput
            autoCapitalize="none"
            editable={true}
            onChangeText={[Function]}
            placeholder="Username"
            placeholderTextColor="#575757"
            style={
              Object {
                "color": "#000",
                "flex": 1,
                "fontSize": 17,
                "height": 50,
                "lineHeight": 24,
                "paddingLeft": 8,
                "top": 1.5,
              }
            }
            underlineColorAndroid="rgba(0,0,0,0)"
            virtual={undefined} />
        </View>
        <View
          accessibilityComponentType={undefined}
          accessibilityLabel={undefined}
          accessibilityTraits={undefined}
          accessible={true}
          hitSlop={undefined}
          isTVSelectable={true}
          onLayout={undefined}
          onResponderGrant={[Function]}
          onResponderMove={[Function]}
          onResponderRelease={[Function]}
          onResponderTerminate={[Function]}
          onResponderTerminationRequest={[Function]}
          onStartShouldSetResponder={[Function]}
          style={
            Object {
              "alignItems": "center",
              "backgroundColor": "transparent",
              "borderBottomWidth": 1,
              "borderColor": "#D9D5DC",
              "borderLeftWidth": 1,
              "borderRightWidth": 1,
              "borderTopWidth": 1,
              "flexDirection": "row",
              "marginLeft": 0,
              "opacity": 1,
            }
          }
          testID={undefined}
          tvParallaxProperties={undefined}>
          <TextInput
            autoCapitalize="none"
            editable={true}
            onChangeText={[Function]}
            placeholder="6 or more characters"
            placeholderTextColor="#575757"
            secureTextEntry={true}
            style={
              Object {
                "color": "#000",
                "flex": 1,
                "fontSize": 17,
                "height": 50,
                "lineHeight": 24,
                "paddingLeft": 8,
                "top": 1.5,
              }
            }
            underlineColorAndroid="rgba(0,0,0,0)"
            virtual={undefined} />
        </View>
      </View>
      <View
        accessibilityComponentType={undefined}
        accessibilityLabel={undefined}
        accessibilityTraits={undefined}
        accessible={true}
        hitSlop={undefined}
        isTVSelectable={true}
        onLayout={undefined}
        onResponderGrant={[Function]}
        onResponderMove={[Function]}
        onResponderRelease={[Function]}
        onResponderTerminate={[Function]}
        onResponderTerminationRequest={[Function]}
        onStartShouldSetResponder={[Function]}
        style={
          Object {
            "alignItems": "center",
            "alignSelf": "flex-start",
            "backgroundColor": "#b5b5b5",
            "borderBottomWidth": null,
            "borderColor": "#007aff",
            "borderLeftWidth": null,
            "borderRadius": 5,
            "borderRightWidth": null,
            "borderTopWidth": null,
            "elevation": 2,
            "flexDirection": "row",
            "height": 45,
            "justifyContent": "space-between",
            "opacity": 1,
            "paddingBottom": 6,
            "paddingLeft": 16,
            "paddingRight": 16,
            "paddingTop": 6,
          }
        }
        testID={undefined}
        tvParallaxProperties={undefined}>
        <View
          style={
            Object {
              "alignSelf": "center",
              "zIndex": 999,
            }
          } />
        <Text
          accessible={true}
          allowFontScaling={true}
          ellipsizeMode="tail">
          Sign up
        </Text>
      </View>
      <View
        accessibilityComponentType={undefined}
        accessibilityLabel={undefined}
        accessibilityTraits={undefined}
        accessible={true}
        hitSlop={undefined}
        isTVSelectable={true}
        onLayout={undefined}
        onResponderGrant={[Function]}
        onResponderMove={[Function]}
        onResponderRelease={[Function]}
        onResponderTerminate={[Function]}
        onResponderTerminationRequest={[Function]}
        onStartShouldSetResponder={[Function]}
        style={
          Object {
            "alignItems": "center",
            "alignSelf": "flex-start",
            "backgroundColor": "#b5b5b5",
            "borderBottomWidth": null,
            "borderColor": "#007aff",
            "borderLeftWidth": null,
            "borderRadius": 5,
            "borderRightWidth": null,
            "borderTopWidth": null,
            "elevation": 2,
            "flexDirection": "row",
            "height": 45,
            "justifyContent": "space-between",
            "opacity": 1,
            "paddingBottom": 6,
            "paddingLeft": 16,
            "paddingRight": 16,
            "paddingTop": 6,
          }
        }
        testID={undefined}
        tvParallaxProperties={undefined}>
        <View
          style={
            Object {
              "alignSelf": "center",
              "zIndex": 999,
            }
          } />
        <Text
          accessible={true}
          allowFontScaling={true}
          ellipsizeMode="tail">
          Sign in
        </Text>
      </View>
    </View>
  </RCTScrollView>
  <View
    style={
      Object {
        "backgroundColor": "#F8F8F8",
        "borderColor": "#cbcbcb",
        "borderTopWidth": 0.5,
        "elevation": 3,
        "flexDirection": "row",
        "height": 55,
        "justifyContent": "center",
        "left": 0,
        "right": 0,
      }
    }
    virtual={undefined}>
    <View
      style={
        Object {
          "alignSelf": "stretch",
          "flex": 1,
          "flexDirection": "row",
          "justifyContent": "space-between",
        }
      }
      virtual={undefined}>
      <View
        accessibilityComponentType={undefined}
        accessibilityLabel={undefined}
        accessibilityTraits={undefined}
        accessible={true}
        hitSlop={undefined}
        isTVSelectable={true}
        onLayout={undefined}
        onResponderGrant={[Function]}
        onResponderMove={[Function]}
        onResponderRelease={[Function]}
        onResponderTerminate={[Function]}
        onResponderTerminationRequest={[Function]}
        onStartShouldSetResponder={[Function]}
        style={
          Object {
            "alignItems": "center",
            "alignSelf": "center",
            "backgroundColor": "transparent",
            "borderBottomWidth": null,
            "borderColor": null,
            "borderLeftWidth": null,
            "borderRadius": 5,
            "borderRightWidth": null,
            "borderTopWidth": null,
            "elevation": 0,
            "flex": 1,
            "flexDirection": null,
            "height": 55,
            "justifyContent": "center",
            "opacity": 1,
            "paddingBottom": 6,
            "paddingLeft": 16,
            "paddingRight": 16,
            "paddingTop": 6,
            "shadowColor": null,
            "shadowOffset": null,
            "shadowOpacity": null,
            "shadowRadius": null,
          }
        }
        testID={undefined}
        tvParallaxProperties={undefined}>
        <View
          style={
            Object {
              "alignSelf": "center",
              "zIndex": 999,
            }
          } />
        <Text
          accessible={true}
          allowFontScaling={true}
          ellipsizeMode="tail">
          Next Page
        </Text>
      </View>
    </View>
  </View>
</View>
`;
